// Jest Snapshot v1, https://goo.gl/fbAQLP

exports[`Texth4 Test cases -------- Texth4 Lost View Snapshot 1`] = `ShallowWrapper {}`;

exports[`Texth4 Test cases -------- Texth4 Snapshot match 1`] = `ShallowWrapper {}`;
