// Jest Snapshot v1, https://goo.gl/fbAQLP

exports[`Outline Button Test Cases Outline Button Lost View Snapshot 1`] = `ShallowWrapper {}`;

exports[`Outline Button Test Cases Outline Button SnapShot 1`] = `ShallowWrapper {}`;
