// Jest Snapshot v1, https://goo.gl/fbAQLP

exports[`Weather List Item Check Weather List Item Snapshot 1`] = `ShallowWrapper {}`;

exports[`Weather List Item Check Weather List Item Snapshot 2`] = `ShallowWrapper {}`;
